Device : Apple MPS
Chang-Zhu-Tan chargé : 35064 timesteps, 20 stations, 5 features physiques (PM2.5 + TEMP + PRES + DEWP + WSPM)

Graphe DISTANCE : 20 nœuds, 100 edges

Graphe CORRÉLATION sur train...

  Matrice de corrélation PM2.5 entre stations :
   1335A   1336A   1337A   1338A   1339A   1340A   1341A   1342A   1343A   1508A   1511A   1512A   1513A   1514A   1515A   1518A   1519A   1520A   1524A   1562A
  1335A          ---     0.921   0.956   0.919   0.949   0.919   0.934   0.939   0.917   0.912   0.910   0.915   0.901   0.901   0.893   0.897   0.880   0.875   0.893   0.913
  1336A         0.921    ---     0.919   0.922   0.921   0.924   0.918   0.924   0.937   0.897   0.906   0.910   0.892   0.900   0.858   0.866   0.850   0.851   0.860   0.888
  1337A         0.956   0.919    ---     0.900   0.936   0.934   0.931   0.935   0.912   0.904   0.905   0.909   0.897   0.893   0.897   0.904   0.899   0.900   0.905   0.895
  1338A         0.919   0.922   0.900    ---     0.931   0.888   0.904   0.939   0.932   0.904   0.900   0.901   0.886   0.898   0.851   0.868   0.835   0.834   0.849   0.909
  1339A         0.949   0.921   0.936   0.931    ---     0.904   0.933   0.957   0.919   0.924   0.921   0.920   0.911   0.914   0.896   0.911   0.885   0.875   0.899   0.927
  1340A         0.919   0.924   0.934   0.888   0.904    ---     0.924   0.906   0.910   0.877   0.888   0.898   0.879   0.886   0.864   0.865   0.869   0.873   0.872   0.875
  1341A         0.934   0.918   0.931   0.904   0.933   0.924    ---     0.931   0.906   0.892   0.903   0.905   0.892   0.886   0.877   0.878   0.861   0.858   0.878   0.888
  1342A         0.939   0.924   0.935   0.939   0.957   0.906   0.931    ---     0.925   0.926   0.924   0.923   0.911   0.915   0.896   0.905   0.884   0.884   0.894   0.927
  1343A         0.917   0.937   0.912   0.932   0.919   0.910   0.906   0.925    ---     0.914   0.916   0.917   0.905   0.912   0.870   0.883   0.856   0.853   0.865   0.908
  1508A         0.912   0.897   0.904   0.904   0.924   0.877   0.892   0.926   0.914    ---     0.952   0.942   0.946   0.929   0.906   0.912   0.878   0.880   0.901   0.942
  1511A         0.910   0.906   0.905   0.900   0.921   0.888   0.903   0.924   0.916   0.952    ---     0.958   0.958   0.933   0.908   0.907   0.884   0.885   0.904   0.932
  1512A         0.915   0.910   0.909   0.901   0.920   0.898   0.905   0.923   0.917   0.942   0.958    ---     0.944   0.937   0.899   0.899   0.874   0.879   0.896   0.923
  1513A         0.901   0.892   0.897   0.886   0.911   0.879   0.892   0.911   0.905   0.946   0.958   0.944    ---     0.918   0.915   0.906   0.882   0.886   0.902   0.927
  1514A         0.901   0.900   0.893   0.898   0.914   0.886   0.886   0.915   0.912   0.929   0.933   0.937   0.918    ---     0.878   0.887   0.856   0.869   0.879   0.930
  1515A         0.893   0.858   0.897   0.851   0.896   0.864   0.877   0.896   0.870   0.906   0.908   0.899   0.915   0.878    ---     0.935   0.931   0.936   0.955   0.901
  1518A         0.897   0.866   0.904   0.868   0.911   0.865   0.878   0.905   0.883   0.912   0.907   0.899   0.906   0.887   0.935    ---     0.932   0.920   0.935   0.911
  1519A         0.880   0.850   0.899   0.835   0.885   0.869   0.861   0.884   0.856   0.878   0.884   0.874   0.882   0.856   0.931   0.932    ---     0.939   0.940   0.880
  1520A         0.875   0.851   0.900   0.834   0.875   0.873   0.858   0.884   0.853   0.880   0.885   0.879   0.886   0.869   0.936   0.920   0.939    ---     0.942   0.874
  1524A         0.893   0.860   0.905   0.849   0.899   0.872   0.878   0.894   0.865   0.901   0.904   0.896   0.902   0.879   0.955   0.935   0.940   0.942    ---     0.894
  1562A         0.913   0.888   0.895   0.909   0.927   0.875   0.888   0.927   0.908   0.942   0.932   0.923   0.927   0.930   0.901   0.911   0.880   0.874   0.894    ---  

  Graphe corrélation : 20 nœuds, 100 edges (k=5, seuil=0.0)

Features : ['PM2.5', 'TEMP', 'PRES', 'DEWP', 'WSPM']
SEQ_LEN=24h | BATCH=64 | D_MODEL=64 | HEADS=4 | LAYERS=2

############################################################
  TOPOLOGIE : DISTANCE
############################################################

=======================================================
  Modèle : GCN+Transformer  (encoder=gcn2)
=======================================================
  -> Seed 42...
     epoch   5 | val_loss=0.00027
     epoch  10 | val_loss=0.00022
     epoch  15 | val_loss=0.00023
   Early stop epoch 16 (val_loss=0.00020)
     MAE=4.42  RMSE=6.91  R2=0.9370
     Dirichlet/couche : ['0.053', '0.020']
  -> Seed 123...
     epoch   5 | val_loss=0.00043
     epoch  10 | val_loss=0.00021
     epoch  15 | val_loss=0.00025
     epoch  20 | val_loss=0.00023
     epoch  25 | val_loss=0.00021
   Early stop epoch 25 (val_loss=0.00020)
     MAE=4.39  RMSE=6.83  R2=0.9384
  -> Seed 777...
     epoch   5 | val_loss=0.00020
     epoch  10 | val_loss=0.00020
     epoch  15 | val_loss=0.00020
     epoch  20 | val_loss=0.00030
   Early stop epoch 23 (val_loss=0.00020)
     MAE=4.43  RMSE=6.90  R2=0.9371

=======================================================
  Modèle : Linear+Transformer  (encoder=linear)
=======================================================
  -> Seed 42...
     epoch   5 | val_loss=0.00012
     epoch  10 | val_loss=0.00012
     epoch  15 | val_loss=0.00013
     epoch  20 | val_loss=0.00012
     epoch  25 | val_loss=0.00014
   Early stop epoch 26 (val_loss=0.00012)
     MAE=3.59  RMSE=5.59  R2=0.9587
  -> Seed 123...
     epoch   5 | val_loss=0.00015
     epoch  10 | val_loss=0.00012
     epoch  15 | val_loss=0.00017
   Early stop epoch 19 (val_loss=0.00012)
     MAE=3.97  RMSE=5.83  R2=0.9552
  -> Seed 777...
     epoch   5 | val_loss=0.00018
     epoch  10 | val_loss=0.00017
     epoch  15 | val_loss=0.00020
   Early stop epoch 17 (val_loss=0.00012)
     MAE=3.11  RMSE=5.37  R2=0.9620

=================================================================
  TABLEAU 1 -- Résultats globaux (moyenne +/- SD)
=================================================================
  Modèle                         MAE       RMSE         R2
-----------------------------------------------------------------
  GCN+Transformer             4.41+/-0.02     6.88+/-0.04  0.9375+/-0.0008
  Linear+Transformer          3.55+/-0.43     5.60+/-0.23  0.9586+/-0.0034

=================================================================
  TABLEAU 2 -- Résultats par station (seed primaire)
=================================================================
  Station                 GCN R2    Lin R2    Delta
-----------------------------------------------------------------
  1335A                  0.9559    0.9672  -0.0114 Lin+
  1336A                  0.9634    0.9813  -0.0179 Lin+
  1337A                  0.9503    0.9640  -0.0137 Lin+
  1338A                  0.9335    0.9645  -0.0310 Lin+
  1339A                  0.9646    0.9842  -0.0196 Lin+
  1340A                  0.9302    0.9509  -0.0207 Lin+
  1341A                  0.9377    0.9527  -0.0151 Lin+
  1342A                  0.9357    0.9616  -0.0259 Lin+
  1343A                  0.9454    0.9599  -0.0145 Lin+
  1508A                  0.9020    0.9345  -0.0324 Lin+
  1511A                  0.9375    0.9604  -0.0229 Lin+
  1512A                  0.9355    0.9638  -0.0283 Lin+
  1513A                  0.9313    0.9509  -0.0196 Lin+
  1514A                  0.9283    0.9597  -0.0314 Lin+
  1515A                  0.9248    0.9502  -0.0254 Lin+
  1518A                  0.9387    0.9619  -0.0232 Lin+
  1519A                  0.9250    0.9352  -0.0103 Lin+
  1520A                  0.9180    0.9443  -0.0263 Lin+
  1524A                  0.9350    0.9638  -0.0288 Lin+
  1562A                  0.9600    0.9733  -0.0133 Lin+
-----------------------------------------------------------------
  GCN supérieur sur 0/20 stations
  Delta R2 moyen = -0.0216
=================================================================

############################################################
  TOPOLOGIE : CORRELATION
############################################################

=======================================================
  Modèle : GCN+Transformer  (encoder=gcn2)
=======================================================
  -> Seed 42...
     epoch   5 | val_loss=0.00029
     epoch  10 | val_loss=0.00026
     epoch  15 | val_loss=0.00026
     epoch  20 | val_loss=0.00024
     epoch  25 | val_loss=0.00023
     epoch  30 | val_loss=0.00030
   Early stop epoch 31 (val_loss=0.00023)
     MAE=4.85  RMSE=7.37  R2=0.9283
     Dirichlet/couche : ['0.052', '0.013']
  -> Seed 123...
     epoch   5 | val_loss=0.00045
     epoch  10 | val_loss=0.00023
     epoch  15 | val_loss=0.00028
     epoch  20 | val_loss=0.00025
     epoch  25 | val_loss=0.00024
   Early stop epoch 25 (val_loss=0.00023)
     MAE=4.86  RMSE=7.46  R2=0.9265
  -> Seed 777...
     epoch   5 | val_loss=0.00024
     epoch  10 | val_loss=0.00023
     epoch  15 | val_loss=0.00023
     epoch  20 | val_loss=0.00034
   Early stop epoch 23 (val_loss=0.00023)
     MAE=4.82  RMSE=7.45  R2=0.9268

=======================================================
  Modèle : Linear+Transformer  (encoder=linear)
=======================================================
  -> Seed 42...
     epoch   5 | val_loss=0.00012
     epoch  10 | val_loss=0.00012
     epoch  15 | val_loss=0.00013
     epoch  20 | val_loss=0.00012
     epoch  25 | val_loss=0.00014
   Early stop epoch 26 (val_loss=0.00012)
     MAE=3.59  RMSE=5.59  R2=0.9587
  -> Seed 123...
     epoch   5 | val_loss=0.00015
     epoch  10 | val_loss=0.00012
     epoch  15 | val_loss=0.00017
   Early stop epoch 19 (val_loss=0.00012)
     MAE=3.97  RMSE=5.83  R2=0.9552
  -> Seed 777...
     epoch   5 | val_loss=0.00018
     epoch  10 | val_loss=0.00017
     epoch  15 | val_loss=0.00020
   Early stop epoch 17 (val_loss=0.00012)
     MAE=3.11  RMSE=5.37  R2=0.9620

=================================================================
  TABLEAU 1 -- Résultats globaux (moyenne +/- SD)
=================================================================
  Modèle                         MAE       RMSE         R2
-----------------------------------------------------------------
  GCN+Transformer             4.84+/-0.02     7.43+/-0.05  0.9272+/-0.0010
  Linear+Transformer          3.55+/-0.43     5.60+/-0.23  0.9586+/-0.0034

=================================================================
  TABLEAU 2 -- Résultats par station (seed primaire)
=================================================================
  Station                 GCN R2    Lin R2    Delta
-----------------------------------------------------------------
  1335A                  0.9405    0.9672  -0.0267 Lin+
  1336A                  0.9515    0.9813  -0.0299 Lin+
  1337A                  0.9453    0.9640  -0.0186 Lin+
  1338A                  0.9346    0.9645  -0.0299 Lin+
  1339A                  0.9509    0.9842  -0.0333 Lin+
  1340A                  0.9069    0.9509  -0.0441 Lin+
  1341A                  0.9288    0.9527  -0.0239 Lin+
  1342A                  0.9144    0.9616  -0.0473 Lin+
  1343A                  0.9237    0.9599  -0.0363 Lin+
  1508A                  0.9011    0.9345  -0.0334 Lin+
  1511A                  0.9370    0.9604  -0.0234 Lin+
  1512A                  0.9336    0.9638  -0.0302 Lin+
  1513A                  0.9236    0.9509  -0.0273 Lin+
  1514A                  0.9212    0.9597  -0.0385 Lin+
  1515A                  0.9248    0.9502  -0.0254 Lin+
  1518A                  0.9173    0.9619  -0.0446 Lin+
  1519A                  0.9226    0.9352  -0.0126 Lin+
  1520A                  0.9188    0.9443  -0.0254 Lin+
  1524A                  0.9438    0.9638  -0.0201 Lin+
  1562A                  0.9252    0.9733  -0.0481 Lin+
-----------------------------------------------------------------
  GCN supérieur sur 0/20 stations
  Delta R2 moyen = -0.0309
=================================================================

Temps total : 372.6 min

======================================================================
  TABLEAU COMPARATIF -- GCN selon topologie vs Linear+Transformer
======================================================================
  Topologie                   MAE GCN    R2 GCN     R2 Lin    Delta
----------------------------------------------------------------------
  distance                      4.41    0.9375    0.9586  -0.0211  Lin+
  correlation                   4.84    0.9272    0.9586  -0.0314  Lin+
======================================================================

Résultats sauvegardés : results/czt/multistation_results.json
raw_results.csv : +252 lignes (run_id=06_czt_1787498008_fc47ab36)
